// Jest Snapshot v1, https://goo.gl/fbAQLP

exports[`Header component renders Header 1`] = `
<header
  className="Head"
>
  <h1>
    Avatar
  </h1>
  <nav>
    <Link
      to="/"
    >
      Home Page
    </Link>
    <Link
      to="/list"
    >
      List Page
    </Link>
    <Link
      to="/details"
    >
      Detail Page
    </Link>
  </nav>
</header>
`;
